11:19:06 **** Incremental Build of configuration Debug for project first_project ****
make -j7 all 
arm-none-eabi-gcc "../Src/main.c" -mcpu=cortex-m4 -std=gnu11 -g3 -DDEBUG -DSTM32 -DSTM32F401RETx -DSTM32F4 -c -I../Inc -O0 -ffunction-sections -fdata-sections -Wall -fstack-usage -fcyclomatic-complexity -MMD -MP -MF"Src/main.d" -MT"Src/main.o" --specs=nano.specs -mfpu=fpv4-sp-d16 -mfloat-abi=hard -mthumb -o "Src/main.o"
../Src/main.c:22:4: warning: #warning "FPU is not initialized, but the project is compiling for an FPU. Please initialize the FPU before use." [-Wcpp]
   22 |   #warning "FPU is not initialized, but the project is compiling for an FPU. Please initialize the FPU before use."
      |    ^~~~~~~
arm-none-eabi-gcc -o "first_project.elf" @"objects.list"   -mcpu=cortex-m4 -T"/Users/sunruiyi/STM32CubeIDE/workspace_2.1.1/first_project/STM32F401RETX_FLASH.ld" --specs=nosys.specs -Wl,-Map="first_project.map" -Wl,--gc-sections -static --specs=nano.specs -mfpu=fpv4-sp-d16 -mfloat-abi=hard -mthumb -Wl,--start-group -lc -lm -Wl,--end-group
Finished building target: first_project.elf
 
arm-none-eabi-size  first_project.elf 
arm-none-eabi-objdump -h -S first_project.elf  > "first_project.list"
   text	   data	    bss	    dec	    hex	filename
    936	      0	   1568	   2504	    9c8	first_project.elf
Finished building: default.size.stdout
 
Finished building: first_project.list
 

11:19:07 Build Finished. 0 errors, 1 warnings. (took 490ms)

